C51 COMPILER V9.52.0.0   ____                                                              09/05/2018 20:04:06 PAGE 1   


C51 COMPILER V9.52.0.0, COMPILATION OF MODULE ____
OBJECT MODULE PLACED IN 中断.OBJ
COMPILER INVOKED BY: C:\Keil_v5\C51\BIN\C51.EXE 中断.c BROWSE DEBUG OBJECTEXTEND

line level    source

   1          #include<reg52.h>
   2          #define uint unsigned int
   3          #define uhar unsigned char
   4          sbit led=P2^1;
   5          uchar; num;
   6          void main()
   7                  {
   8   1                      TMOD=0x01;      //设置定时器0的工作方式为1（m0m1为01）
   9   1                      TH0=0x4c;       //装初值11.0592M晶振，定时50ms
  10   1                      TL0=0x00;
  11   1                      EA=1;           //开总中断
  12   1                      ET0=1;          //开定时器0中断 
  13   1                      TR0=1;          //启动定时器0
  14   1                      while(1)        //程序停止在这里等待中断发生
  15   1                      {
  16   2                              if(num==20)             //如果到了20次，说明1秒的时间到
  17   2                                      {
  18   3                                              num=0;  //然后把num清零，重新计算20次
  19   3                                              led=~led;//让法光管状态取反
  20   3                                      }       
  21   2                      }
  22   1              }
  23                  
  24          void T0_time()interrupt 1
  25                  {
  26   1                      TH0=0x4c;               //重装初值
  27   1                      TL0=0x00;
  28   1                      num++;                  //num每加1次，判断一次是否到达20次
  29   1              }


MODULE INFORMATION:   STATIC OVERLAYABLE
   CODE SIZE        =     50    ----
   CONSTANT SIZE    =   ----    ----
   XDATA SIZE       =   ----    ----
   PDATA SIZE       =   ----    ----
   DATA SIZE        =      4    ----
   IDATA SIZE       =   ----    ----
   BIT SIZE         =   ----    ----
END OF MODULE INFORMATION.


C51 COMPILATION COMPLETE.  0 WARNING(S),  0 ERROR(S)
