BL51 BANKED LINKER/LOCATER V6.22.2.0                                                    05/19/2019  09:23:20  PAGE 1


BL51 BANKED LINKER/LOCATER V6.22.2.0, INVOKED BY:
C:\KEIL_V5\C51\BIN\BL51.EXE STARTUP.obj, ∂¿¡¢º¸≈ÃºÏ≤‚.obj TO ∂¿¡¢º¸≈ÃºÏ≤‚ RAMSIZE (256)


MEMORY MODEL: SMALL


INPUT MODULES INCLUDED:
  STARTUP.obj (?C_STARTUP)
  ∂¿¡¢º¸≈ÃºÏ≤‚.obj (____________)


LINK MAP OF MODULE:  ∂¿¡¢º¸≈ÃºÏ≤‚ (?C_STARTUP)


            TYPE    BASE      LENGTH    RELOCATION   SEGMENT NAME
            -----------------------------------------------------

            * * * * * * *   D A T A   M E M O R Y   * * * * * * *
            REG     0000H     0008H     ABSOLUTE     "REG BANK 0"
            DATA    0008H     0002H     UNIT         ?DT?____________
            DATA    000AH     0001H     UNIT         _DATA_GROUP_
            IDATA   000BH     0001H     UNIT         ?STACK

            * * * * * * *   C O D E   M E M O R Y   * * * * * * *
            CODE    0000H     0003H     ABSOLUTE     
                    0003H     0008H                  *** GAP ***
            CODE    000BH     0003H     ABSOLUTE     
                    000EH     07F2H                  *** GAP ***
            CODE    0800H     0049H     UNIT         ?PR?KEY?____________
            CODE    0849H     0039H     UNIT         ?PR?_DISPLAY?____________
            CODE    0882H     0022H     UNIT         ?PR?_DELAYXMS?____________
            CODE    08A4H     001FH     UNIT         ?PR?T0_TIME?____________
            CODE    08C3H     0010H     UNIT         ?CO?____________
            CODE    08D3H     000EH     UNIT         ?PR?INIT?____________
            CODE    08E1H     000DH     UNIT         ?PR?MAIN?____________
            CODE    08EEH     000CH     UNIT         ?C_C51STARTUP



OVERLAY MAP OF MODULE:   ∂¿¡¢º¸≈ÃºÏ≤‚ (?C_STARTUP)


SEGMENT                              DATA_GROUP 
  +--> CALLED SEGMENT              START    LENGTH
--------------------------------------------------
?C_C51STARTUP                      -----    -----
  +--> ?PR?MAIN?____________

?PR?MAIN?____________              -----    -----
  +--> ?PR?INIT?____________
  +--> ?PR?KEY?____________
  +--> ?PR?_DISPLAY?____________

?PR?KEY?____________               -----    -----
  +--> ?PR?_DELAYXMS?____________

?PR?_DISPLAY?____________          000AH    0001H
BL51 BANKED LINKER/LOCATER V6.22.2.0                                                  05/19/2019  09:23:20  PAGE 2


  +--> ?CO?____________
  +--> ?PR?_DELAYXMS?____________



SYMBOL TABLE OF MODULE:  ∂¿¡¢º¸≈ÃºÏ≤‚ (?C_STARTUP)

  VALUE           TYPE          NAME
  ----------------------------------

  -------         MODULE        ?C_STARTUP
  C:08EEH         SEGMENT       ?C_C51STARTUP
  I:000BH         SEGMENT       ?STACK
  C:0000H         PUBLIC        ?C_STARTUP
  D:00E0H         SYMBOL        ACC
  D:00F0H         SYMBOL        B
  D:0083H         SYMBOL        DPH
  D:0082H         SYMBOL        DPL
  N:0000H         SYMBOL        IBPSTACK
  N:0100H         SYMBOL        IBPSTACKTOP
  N:0080H         SYMBOL        IDATALEN
  C:08F1H         SYMBOL        IDATALOOP
  N:0000H         SYMBOL        PBPSTACK
  N:0100H         SYMBOL        PBPSTACKTOP
  N:0000H         SYMBOL        PDATALEN
  N:0000H         SYMBOL        PDATASTART
  N:0000H         SYMBOL        PPAGE
  N:0000H         SYMBOL        PPAGEENABLE
  D:00A0H         SYMBOL        PPAGE_SFR
  D:0081H         SYMBOL        SP
  C:08EEH         SYMBOL        STARTUP1
  N:0000H         SYMBOL        XBPSTACK
  N:0000H         SYMBOL        XBPSTACKTOP
  N:0000H         SYMBOL        XDATALEN
  N:0000H         SYMBOL        XDATASTART
  C:0000H         LINE#         126
  C:08EEH         LINE#         133
  C:08F0H         LINE#         134
  C:08F1H         LINE#         135
  C:08F2H         LINE#         136
  C:08F4H         LINE#         185
  C:08F7H         LINE#         196
  -------         ENDMOD        ?C_STARTUP

  -------         MODULE        ____________
  C:0000H         SYMBOL        _ICE_DUMMY_
  D:0080H         PUBLIC        P0
  D:0090H         PUBLIC        P1
  D:00A0H         PUBLIC        P2
  D:00B0H         PUBLIC        P3
  B:00A8H.7       PUBLIC        EA
  D:00A8H         PUBLIC        IE
  D:00B8H         PUBLIC        IP
  B:00B0H.1       PUBLIC        k1
  B:00B0H.0       PUBLIC        k2
  B:00B0H.2       PUBLIC        k3
  B:00B0H.3       PUBLIC        k4
BL51 BANKED LINKER/LOCATER V6.22.2.0                                                  05/19/2019  09:23:20  PAGE 3


  C:08E1H         PUBLIC        main
  D:0098H         PUBLIC        SCON
  D:0089H         PUBLIC        TMOD
  D:0088H         PUBLIC        TCON
  C:08A4H         PUBLIC        t0_time
  C:08D3H         PUBLIC        init
  B:00A8H.1       PUBLIC        ET0
  C:0800H         PUBLIC        key
  D:008CH         PUBLIC        TH0
  D:008AH         PUBLIC        TL0
  D:0008H         PUBLIC        num
  B:0088H.4       PUBLIC        TR0
  B:00A0H.2       PUBLIC        LSA
  B:00A0H.3       PUBLIC        LSB
  B:00A0H.4       PUBLIC        LSC
  D:00C8H         PUBLIC        T2CON
  C:0886H         PUBLIC        _delayxms
  C:08C3H         PUBLIC        smgduan
  D:0009H         PUBLIC        numt0
  C:0849H         PUBLIC        _display
  D:00D0H         PUBLIC        PSW
  -------         PROC          _DISPLAY
  D:0007H         SYMBOL        numdis
  -------         DO            
  D:0006H         SYMBOL        shi
  D:000AH         SYMBOL        ge
  -------         ENDDO         
  C:0849H         LINE#         21
  C:0849H         LINE#         22
  C:0849H         LINE#         24
  C:084FH         LINE#         25
  C:0857H         LINE#         26
  C:0859H         LINE#         27
  C:085BH         LINE#         28
  C:085DH         LINE#         29
  C:0866H         LINE#         30
  C:086DH         LINE#         31
  C:086FH         LINE#         32
  C:0871H         LINE#         33
  C:0873H         LINE#         34
  C:087BH         LINE#         35
  -------         ENDPROC       _DISPLAY
  C:0882H         SYMBOL        L?0038
  -------         PROC          L?0037
  -------         ENDPROC       L?0037
  C:0882H         SYMBOL        L?0038
  -------         PROC          _DELAYXMS
  D:0006H         SYMBOL        xms
  -------         DO            
  D:0006H         SYMBOL        i
  D:0004H         SYMBOL        j
  -------         ENDDO         
  C:0886H         LINE#         38
  C:0886H         LINE#         39
  C:0886H         LINE#         41
  C:088FH         LINE#         42
  C:08A3H         LINE#         43
BL51 BANKED LINKER/LOCATER V6.22.2.0                                                  05/19/2019  09:23:20  PAGE 4


  -------         ENDPROC       _DELAYXMS
  -------         PROC          INIT
  C:08D3H         LINE#         45
  C:08D3H         LINE#         46
  C:08D3H         LINE#         47
  C:08D6H         LINE#         48
  C:08D9H         LINE#         49
  C:08DCH         LINE#         50
  C:08DEH         LINE#         51
  C:08E0H         LINE#         52
  -------         ENDPROC       INIT
  -------         PROC          KEY
  C:0800H         LINE#         54
  C:0800H         LINE#         55
  C:0800H         LINE#         56
  C:0803H         LINE#         57
  C:0803H         LINE#         58
  C:0806H         LINE#         59
  C:0809H         LINE#         60
  C:0809H         LINE#         61
  C:080BH         LINE#         62
  C:0811H         LINE#         63
  C:0813H         LINE#         64
  C:0816H         LINE#         65
  C:0816H         LINE#         66
  C:0816H         LINE#         68
  C:0819H         LINE#         69
  C:0819H         LINE#         70
  C:081CH         LINE#         71
  C:081FH         LINE#         72
  C:081FH         LINE#         73
  C:0823H         LINE#         74
  C:0826H         LINE#         75
  C:0828H         LINE#         76
  C:082BH         LINE#         77
  C:082BH         LINE#         78
  C:082BH         LINE#         80
  C:082EH         LINE#         81
  C:082EH         LINE#         82
  C:0831H         LINE#         83
  C:0834H         LINE#         84
  C:0834H         LINE#         85
  C:0837H         LINE#         86
  C:083AH         LINE#         87
  C:083AH         LINE#         88
  C:083AH         LINE#         90
  C:083DH         LINE#         91
  C:083DH         LINE#         92
  C:0840H         LINE#         93
  C:0843H         LINE#         94
  C:0843H         LINE#         95
  C:0846H         LINE#         96
  C:0848H         LINE#         97
  C:0848H         LINE#         98
  C:0848H         LINE#         99
  -------         ENDPROC       KEY
  -------         PROC          MAIN
BL51 BANKED LINKER/LOCATER V6.22.2.0                                                  05/19/2019  09:23:20  PAGE 5


  C:08E1H         LINE#         101
  C:08E1H         LINE#         102
  C:08E1H         LINE#         103
  C:08E4H         LINE#         104
  C:08E4H         LINE#         105
  C:08E4H         LINE#         106
  C:08E7H         LINE#         107
  C:08ECH         LINE#         108
  -------         ENDPROC       MAIN
  -------         PROC          T0_TIME
  C:08A4H         LINE#         111
  C:08A6H         LINE#         113
  C:08A9H         LINE#         114
  C:08ACH         LINE#         115
  C:08AEH         LINE#         116
  C:08B4H         LINE#         117
  C:08B4H         LINE#         118
  C:08B6H         LINE#         119
  C:08B8H         LINE#         120
  C:08BEH         LINE#         121
  C:08C0H         LINE#         122
  C:08C0H         LINE#         123
  -------         ENDPROC       T0_TIME
  -------         ENDMOD        ____________

******************************************************************************
* RESTRICTED VERSION WITH 0800H BYTE CODE SIZE LIMIT; USED: 0100H BYTE (12%) *
******************************************************************************

Program Size: data=12.0 xdata=0 code=256
LINK/LOCATE RUN COMPLETE.  0 WARNING(S),  0 ERROR(S)
