BL51 BANKED LINKER/LOCATER V6.22.2.0                                                    07/06/2018  21:55:50  PAGE 1


BL51 BANKED LINKER/LOCATER V6.22.2.0, INVOKED BY:
C:\KEIL_V5\C51\BIN\BL51.EXE .\Objects\STARTUP.obj, .\Objects\ÖÐ¶Ï.obj TO .\Objects\Àý3.5.2 PRINT (.\Listings\Àý3.5.m51) 
>> RAMSIZE (256)


MEMORY MODEL: SMALL


INPUT MODULES INCLUDED:
  .\Objects\STARTUP.obj (?C_STARTUP)
  .\Objects\ÖÐ¶Ï.obj (____)


LINK MAP OF MODULE:  .\Objects\Àý3.5.2 (?C_STARTUP)


            TYPE    BASE      LENGTH    RELOCATION   SEGMENT NAME
            -----------------------------------------------------

            * * * * * * *   D A T A   M E M O R Y   * * * * * * *
            REG     0000H     0008H     ABSOLUTE     "REG BANK 0"
            DATA    0008H     0001H     UNIT         ?DT?____
            IDATA   0009H     0001H     UNIT         ?STACK

            * * * * * * *   C O D E   M E M O R Y   * * * * * * *
            CODE    0000H     0003H     ABSOLUTE     
                    0003H     0008H                  *** GAP ***
            CODE    000BH     0003H     ABSOLUTE     
            CODE    000EH     001BH     UNIT         ?PR?MAIN?____
            CODE    0029H     000CH     UNIT         ?C_C51STARTUP
            CODE    0035H     0009H     UNIT         ?PR?T0_TIME?____



OVERLAY MAP OF MODULE:   .\Objects\Àý3.5.2 (?C_STARTUP)


SEGMENT
  +--> CALLED SEGMENT
---------------------
?C_C51STARTUP
  +--> ?PR?MAIN?____



SYMBOL TABLE OF MODULE:  .\Objects\Àý3.5.2 (?C_STARTUP)

  VALUE           TYPE          NAME
  ----------------------------------

  -------         MODULE        ?C_STARTUP
  C:0029H         SEGMENT       ?C_C51STARTUP
  I:0009H         SEGMENT       ?STACK
  C:0000H         PUBLIC        ?C_STARTUP
  D:00E0H         SYMBOL        ACC
  D:00F0H         SYMBOL        B
  D:0083H         SYMBOL        DPH
  D:0082H         SYMBOL        DPL
BL51 BANKED LINKER/LOCATER V6.22.2.0                                                  07/06/2018  21:55:50  PAGE 2


  N:0000H         SYMBOL        IBPSTACK
  N:0100H         SYMBOL        IBPSTACKTOP
  N:0080H         SYMBOL        IDATALEN
  C:002CH         SYMBOL        IDATALOOP
  N:0000H         SYMBOL        PBPSTACK
  N:0100H         SYMBOL        PBPSTACKTOP
  N:0000H         SYMBOL        PDATALEN
  N:0000H         SYMBOL        PDATASTART
  N:0000H         SYMBOL        PPAGE
  N:0000H         SYMBOL        PPAGEENABLE
  D:00A0H         SYMBOL        PPAGE_SFR
  D:0081H         SYMBOL        SP
  C:0029H         SYMBOL        STARTUP1
  N:0000H         SYMBOL        XBPSTACK
  N:0000H         SYMBOL        XBPSTACKTOP
  N:0000H         SYMBOL        XDATALEN
  N:0000H         SYMBOL        XDATASTART
  C:0000H         LINE#         126
  C:0029H         LINE#         133
  C:002BH         LINE#         134
  C:002CH         LINE#         135
  C:002DH         LINE#         136
  C:002FH         LINE#         185
  C:0032H         LINE#         196
  -------         ENDMOD        ?C_STARTUP

  -------         MODULE        ____
  C:0000H         SYMBOL        _ICE_DUMMY_
  D:0090H         PUBLIC        P1
  D:00A0H         PUBLIC        P2
  D:00B0H         PUBLIC        P3
  B:00A8H.7       PUBLIC        EA
  D:00A8H         PUBLIC        IE
  C:0035H         PUBLIC        T0_time
  D:00B8H         PUBLIC        IP
  C:000EH         PUBLIC        main
  D:0098H         PUBLIC        SCON
  D:0089H         PUBLIC        TMOD
  D:0088H         PUBLIC        TCON
  B:00A8H.1       PUBLIC        ET0
  D:008CH         PUBLIC        TH0
  D:008AH         PUBLIC        TL0
  D:0008H         PUBLIC        num
  B:0088H.4       PUBLIC        TR0
  B:00A0H.0       PUBLIC        led1
  D:00C8H         PUBLIC        T2CON
  D:00D0H         PUBLIC        PSW
  -------         PROC          MAIN
  C:000EH         LINE#         6
  C:000EH         LINE#         7
  C:000EH         LINE#         8
  C:0011H         LINE#         9
  C:0014H         LINE#         10
  C:0017H         LINE#         11
  C:0019H         LINE#         12
  C:001BH         LINE#         13
  C:001DH         LINE#         14
BL51 BANKED LINKER/LOCATER V6.22.2.0                                                  07/06/2018  21:55:50  PAGE 3


  C:001DH         LINE#         15
  C:001DH         LINE#         16
  C:0022H         LINE#         17
  C:0022H         LINE#         18
  C:0025H         LINE#         19
  C:0027H         LINE#         20
  C:0027H         LINE#         21
  -------         ENDPROC       MAIN
  -------         PROC          T0_TIME
  C:0035H         LINE#         24
  C:0035H         LINE#         26
  C:0038H         LINE#         27
  C:003BH         LINE#         28
  C:003DH         LINE#         29
  -------         ENDPROC       T0_TIME
  -------         ENDMOD        ____

Program Size: data=10.0 xdata=0 code=54
LINK/LOCATE RUN COMPLETE.  0 WARNING(S),  0 ERROR(S)
