BL51 BANKED LINKER/LOCATER V6.22.2.0                                                    12/06/2019  15:07:53  PAGE 1


BL51 BANKED LINKER/LOCATER V6.22.2.0, INVOKED BY:
C:\KEIL_V5\C51\BIN\BL51.EXE .\Objects\STARTUP.obj, .\Objects\ÖÐ¶Ï.obj TO .\Objects\2 PRINT (.\Listings\2.m51) RAMSIZE (2
>> 56)


MEMORY MODEL: SMALL


INPUT MODULES INCLUDED:
  .\Objects\STARTUP.obj (?C_STARTUP)
  .\Objects\ÖÐ¶Ï.obj (____)


LINK MAP OF MODULE:  .\Objects\2 (?C_STARTUP)


            TYPE    BASE      LENGTH    RELOCATION   SEGMENT NAME
            -----------------------------------------------------

            * * * * * * *   D A T A   M E M O R Y   * * * * * * *
            REG     0000H     0008H     ABSOLUTE     "REG BANK 0"
            IDATA   0008H     0001H     UNIT         ?STACK

            * * * * * * *   C O D E   M E M O R Y   * * * * * * *
            CODE    0000H     0003H     ABSOLUTE     
            CODE    0003H     0005H     UNIT         ?PR?MAIN?____
                    0008H     0003H                  *** GAP ***
            CODE    000BH     0003H     ABSOLUTE     
            CODE    000EH     0010H     UNIT         ?PR?INIT?____
            CODE    001EH     000DH     UNIT         ?PR?T0_TIME?____
            CODE    002BH     000CH     UNIT         ?C_C51STARTUP



OVERLAY MAP OF MODULE:   .\Objects\2 (?C_STARTUP)


SEGMENT
  +--> CALLED SEGMENT
---------------------
?C_C51STARTUP
  +--> ?PR?MAIN?____

?PR?MAIN?____
  +--> ?PR?INIT?____



SYMBOL TABLE OF MODULE:  .\Objects\2 (?C_STARTUP)

  VALUE           TYPE          NAME
  ----------------------------------

  -------         MODULE        ?C_STARTUP
  C:002BH         SEGMENT       ?C_C51STARTUP
  I:0008H         SEGMENT       ?STACK
  C:0000H         PUBLIC        ?C_STARTUP
  D:00E0H         SYMBOL        ACC
BL51 BANKED LINKER/LOCATER V6.22.2.0                                                  12/06/2019  15:07:53  PAGE 2


  D:00F0H         SYMBOL        B
  D:0083H         SYMBOL        DPH
  D:0082H         SYMBOL        DPL
  N:0000H         SYMBOL        IBPSTACK
  N:0100H         SYMBOL        IBPSTACKTOP
  N:0080H         SYMBOL        IDATALEN
  C:002EH         SYMBOL        IDATALOOP
  N:0000H         SYMBOL        PBPSTACK
  N:0100H         SYMBOL        PBPSTACKTOP
  N:0000H         SYMBOL        PDATALEN
  N:0000H         SYMBOL        PDATASTART
  N:0000H         SYMBOL        PPAGE
  N:0000H         SYMBOL        PPAGEENABLE
  D:00A0H         SYMBOL        PPAGE_SFR
  D:0081H         SYMBOL        SP
  C:002BH         SYMBOL        STARTUP1
  N:0000H         SYMBOL        XBPSTACK
  N:0000H         SYMBOL        XBPSTACKTOP
  N:0000H         SYMBOL        XDATALEN
  N:0000H         SYMBOL        XDATASTART
  C:0000H         LINE#         126
  C:002BH         LINE#         133
  C:002DH         LINE#         134
  C:002EH         LINE#         135
  C:002FH         LINE#         136
  C:0031H         LINE#         185
  C:0034H         LINE#         196
  -------         ENDMOD        ?C_STARTUP

  -------         MODULE        ____
  C:0000H         SYMBOL        _ICE_DUMMY_
  D:0090H         PUBLIC        P1
  D:00B0H         PUBLIC        P3
  B:00A8H.7       PUBLIC        EA
  D:00A8H         PUBLIC        IE
  C:001EH         PUBLIC        T0_time
  D:00B8H         PUBLIC        IP
  C:0003H         PUBLIC        main
  B:0090H.0       PUBLIC        WAVE
  D:0098H         PUBLIC        SCON
  D:0089H         PUBLIC        TMOD
  D:0088H         PUBLIC        TCON
  C:000EH         PUBLIC        init
  B:00A8H.1       PUBLIC        ET0
  D:008CH         PUBLIC        TH0
  D:008AH         PUBLIC        TL0
  B:0088H.4       PUBLIC        TR0
  D:00C8H         PUBLIC        T2CON
  D:00D0H         PUBLIC        PSW
  -------         PROC          INIT
  C:000EH         LINE#         3
  C:000EH         LINE#         4
  C:000EH         LINE#         5
  C:0011H         LINE#         6
  C:0014H         LINE#         7
  C:0017H         LINE#         8
  C:0019H         LINE#         9
BL51 BANKED LINKER/LOCATER V6.22.2.0                                                  12/06/2019  15:07:53  PAGE 3


  C:001BH         LINE#         10
  C:001DH         LINE#         11
  -------         ENDPROC       INIT
  -------         PROC          MAIN
  C:0003H         LINE#         12
  C:0003H         LINE#         13
  C:0003H         LINE#         14
  C:0006H         LINE#         15
  -------         ENDPROC       MAIN
  -------         PROC          T0_TIME
  C:001EH         LINE#         18
  C:001EH         LINE#         20
  C:0020H         LINE#         21
  C:0023H         LINE#         22
  C:0026H         LINE#         23
  C:0028H         LINE#         24
  C:002AH         LINE#         25
  -------         ENDPROC       T0_TIME
  -------         ENDMOD        ____

Program Size: data=9.0 xdata=0 code=52
LINK/LOCATE RUN COMPLETE.  0 WARNING(S),  0 ERROR(S)
